/usr/local/openjdk-11/bin/java  -classpath /YCSB/conf:/YCSB/core/target/core-0.18.0-SNAPSHOT.jar:/YCSB/core/target/dependency/HdrHistogram-2.1.12.jar:/YCSB/core/target/dependency/htrace-core4-4.1.0-incubating.jar:/YCSB/core/target/dependency/jackson-core-asl-1.9.4.jar:/YCSB/core/target/dependency/jackson-mapper-asl-1.9.4.jar:/YCSB/mongodb/target/mongodb-binding-0.18.0-SNAPSHOT.jar:/YCSB/mongodb/target/dependency/bson-5.1.0.jar:/YCSB/mongodb/target/dependency/bson-record-codec-5.1.0.jar:/YCSB/mongodb/target/dependency/logback-classic-1.1.2.jar:/YCSB/mongodb/target/dependency/logback-core-1.1.2.jar:/YCSB/mongodb/target/dependency/mongodb-async-driver-2.0.1.jar:/YCSB/mongodb/target/dependency/mongodb-driver-core-5.1.0.jar:/YCSB/mongodb/target/dependency/mongodb-driver-sync-5.1.0.jar:/YCSB/mongodb/target/dependency/slf4j-api-1.7.25.jar:/YCSB/mongodb/target/dependency/snappy-java-1.1.7.1.jar site.ycsb.Client -t -db site.ycsb.db.MongoDbClient -s -P workloads/workloadr -p mongodb.url=mongodb://root:mongodb123@my-mongodb-sharded:27017/ycsb?authSource=admin&readPreference=nearest -threads 10
Command line: -t -db site.ycsb.db.MongoDbClient -s -P workloads/workloadr -p mongodb.url=mongodb://root:mongodb123@my-mongodb-sharded:27017/ycsb?authSource=admin&readPreference=nearest -threads 10
YCSB Client 0.18.0-SNAPSHOT

Loading workload...
Starting test.
2025-12-07 05:23:58:391 0 sec: 0 operations; est completion in 0 second 
mongo client connection created with mongodb://root:mongodb123@my-mongodb-sharded:27017/ycsb?authSource=admin&readPreference=nearest
DBWrapper: report latency for each error is false and specific error codes to track for latency are: []
#OUTLIER 2025-12-07 05:24:08:335 10 sec: 36860 operations; 3685.63 current ops/sec; est completion in 4 minutes [READ: Count=36888, Max=273151, Min=745, Avg=2582.56, 50=1163, 90=2035, 99=47199, 99.9=53599, 99.99=257663] 
2025-12-07 05:24:18:334 20 sec: 77312 operations; 4045.6 current ops/sec; est completion in 3 minutes [READ: Count=40429, Max=82111, Min=724, Avg=2467.73, 50=1086, 90=1820, 99=64351, 99.9=75263, 99.99=81791] 
2025-12-07 05:24:28:334 30 sec: 114924 operations; 3761.2 current ops/sec; est completion in 3 minutes [READ: Count=37611, Max=87359, Min=733, Avg=2656.23, 50=1087, 90=1820, 99=65055, 99.9=77631, 99.99=86783] 
2025-12-07 05:24:38:334 40 sec: 154894 operations; 3997 current ops/sec; est completion in 3 minutes [READ: Count=39966, Max=82047, Min=723, Avg=2497.72, 50=1094, 90=1838, 99=61311, 99.9=67007, 99.99=70399] 
2025-12-07 05:24:48:334 50 sec: 195274 operations; 4038 current ops/sec; est completion in 3 minutes [READ: Count=40382, Max=84287, Min=728, Avg=2474.74, 50=1084, 90=1821, 99=64255, 99.9=70463, 99.99=80831] 
2025-12-07 05:24:58:334 60 sec: 232494 operations; 3722 current ops/sec; est completion in 3 minutes [READ: Count=37226, Max=85183, Min=739, Avg=2684.38, 50=1076, 90=1801, 99=65919, 99.9=78207, 99.99=84607] 
2025-12-07 05:25:08:334 70 sec: 272361 operations; 3986.7 current ops/sec; est completion in 3 minutes [READ: Count=39863, Max=84159, Min=733, Avg=2505.9, 50=1093, 90=1833, 99=63615, 99.9=67199, 99.99=68351] 
2025-12-07 05:25:18:334 80 sec: 312684 operations; 4032.3 current ops/sec; est completion in 2 minutes [READ: Count=40321, Max=82175, Min=720, Avg=2477.14, 50=1089, 90=1820, 99=64351, 99.9=74559, 99.99=81663] 
2025-12-07 05:25:28:334 90 sec: 349933 operations; 3724.9 current ops/sec; est completion in 2 minutes [READ: Count=37252, Max=88447, Min=726, Avg=2682.53, 50=1087, 90=1819, 99=65855, 99.9=77887, 99.99=87935] 
2025-12-07 05:25:38:334 100 sec: 390155 operations; 4022.2 current ops/sec; est completion in 2 minutes [READ: Count=40217, Max=89023, Min=715, Avg=2482.83, 50=1094, 90=1834, 99=63647, 99.9=67007, 99.99=69375] 
2025-12-07 05:25:48:334 110 sec: 430568 operations; 4041.3 current ops/sec; est completion in 2 minutes [READ: Count=40413, Max=82879, Min=726, Avg=2473.06, 50=1084, 90=1825, 99=64063, 99.9=68095, 99.99=82111] 
2025-12-07 05:25:58:334 120 sec: 467778 operations; 3721 current ops/sec; est completion in 2 minutes [READ: Count=37215, Max=85503, Min=732, Avg=2685.2, 50=1084, 90=1814, 99=65151, 99.9=78079, 99.99=84351] 
2025-12-07 05:26:08:334 130 sec: 507696 operations; 3991.8 current ops/sec; est completion in 2 minutes [READ: Count=39915, Max=78463, Min=732, Avg=2502.79, 50=1094, 90=1854, 99=48543, 99.9=67711, 99.99=71039] 
2025-12-07 05:26:18:334 140 sec: 548210 operations; 4051.4 current ops/sec; est completion in 1 minute [READ: Count=40515, Max=81471, Min=707, Avg=2465.82, 50=1091, 90=1836, 99=62879, 99.9=73727, 99.99=80831] 
2025-12-07 05:26:28:334 150 sec: 585440 operations; 3723 current ops/sec; est completion in 1 minute [READ: Count=37233, Max=85823, Min=723, Avg=2683.75, 50=1089, 90=1837, 99=64639, 99.9=77311, 99.99=83839] 
2025-12-07 05:26:38:334 160 sec: 625448 operations; 4000.8 current ops/sec; est completion in 1 minute [READ: Count=40006, Max=69695, Min=725, Avg=2496.54, 50=1093, 90=1839, 99=61951, 99.9=66687, 99.99=69055] 
2025-12-07 05:26:48:334 170 sec: 665816 operations; 4036.8 current ops/sec; est completion in 1 minute [READ: Count=40366, Max=83135, Min=716, Avg=2475.37, 50=1087, 90=1832, 99=61983, 99.9=67775, 99.99=78783] 
2025-12-07 05:26:58:334 180 sec: 703081 operations; 3726.5 current ops/sec; est completion in 1 minute [READ: Count=37271, Max=91839, Min=736, Avg=2681.01, 50=1081, 90=1815, 99=65055, 99.9=77759, 99.99=88831] 
2025-12-07 05:27:08:334 190 sec: 743030 operations; 3994.9 current ops/sec; est completion in 1 minute [READ: Count=39948, Max=69631, Min=718, Avg=2500.92, 50=1100, 90=1849, 99=49663, 99.9=66879, 99.99=68351] 
2025-12-07 05:27:18:334 200 sec: 783501 operations; 4047.1 current ops/sec; est completion in 56 seconds [READ: Count=40466, Max=81599, Min=734, Avg=2468.51, 50=1087, 90=1823, 99=58079, 99.9=74175, 99.99=80063] 
2025-12-07 05:27:28:334 210 sec: 820811 operations; 3731 current ops/sec; est completion in 46 seconds [READ: Count=37316, Max=100287, Min=721, Avg=2677.8, 50=1084, 90=1815, 99=65791, 99.9=78079, 99.99=86335] 
2025-12-07 05:27:38:334 220 sec: 860764 operations; 3995.3 current ops/sec; est completion in 36 seconds [READ: Count=39949, Max=69951, Min=743, Avg=2500.25, 50=1092, 90=1839, 99=55455, 99.9=67263, 99.99=69247] 
2025-12-07 05:27:48:334 230 sec: 901170 operations; 4040.6 current ops/sec; est completion in 26 seconds [READ: Count=40403, Max=83903, Min=732, Avg=2473.04, 50=1088, 90=1829, 99=63583, 99.9=69951, 99.99=79487] 
2025-12-07 05:27:58:334 240 sec: 938474 operations; 3730.4 current ops/sec; est completion in 16 seconds [READ: Count=37310, Max=88895, Min=733, Avg=2678.24, 50=1086, 90=1820, 99=65311, 99.9=77055, 99.99=87871] 
2025-12-07 05:28:08:334 250 sec: 978495 operations; 4002.1 current ops/sec; est completion in 6 second [READ: Count=40019, Max=71231, Min=732, Avg=2496.37, 50=1087, 90=1839, 99=49823, 99.9=67711, 99.99=69183] 
#OUTLIER 2025-12-07 05:28:14:312 255 sec: 1000000 operations; 3597.36 current ops/sec; [READ: Count=21500, Max=66815, Min=718, Avg=2057.78, 50=1066, 90=1823, 99=35391, 99.9=59455, 99.99=61503] [CLEANUP: Count=10, Max=7619, Min=0, Avg=763.2, 50=1, 90=6, 99=7619, 99.9=7619, 99.99=7619] 
[OVERALL], RunTime(ms), 255978
[OVERALL], Throughput(ops/sec), 3906.5857222105024
[TOTAL_GCS_Copy], Count, 225
[TOTAL_GC_TIME_Copy], Time(ms), 320
[TOTAL_GC_TIME_%_Copy], Time(%), 0.1250107431107361
[TOTAL_GCS_MarkSweepCompact], Count, 0
[TOTAL_GC_TIME_MarkSweepCompact], Time(ms), 0
[TOTAL_GC_TIME_%_MarkSweepCompact], Time(%), 0.0
[TOTAL_GCs], Count, 225
[TOTAL_GC_TIME], Time(ms), 320
[TOTAL_GC_TIME_%], Time(%), 0.1250107431107361
[READ], Operations, 1000000
[READ], AverageLatency(us), 2537.092294
[READ], MinLatency(us), 707
[READ], MaxLatency(us), 273151
[READ], 50thPercentileLatency(us), 1090
[READ], 95thPercentileLatency(us), 2139
[READ], 99thPercentileLatency(us), 63583
[READ], Return=OK, 1000000
[CLEANUP], Operations, 10
[CLEANUP], AverageLatency(us), 763.2
[CLEANUP], MinLatency(us), 0
[CLEANUP], MaxLatency(us), 7619
[CLEANUP], 50thPercentileLatency(us), 1
[CLEANUP], 95thPercentileLatency(us), 7619
[CLEANUP], 99thPercentileLatency(us), 7619