/usr/local/openjdk-11/bin/java  -classpath /YCSB/conf:/YCSB/core/target/core-0.18.0-SNAPSHOT.jar:/YCSB/core/target/dependency/HdrHistogram-2.1.12.jar:/YCSB/core/target/dependency/htrace-core4-4.1.0-incubating.jar:/YCSB/core/target/dependency/jackson-core-asl-1.9.4.jar:/YCSB/core/target/dependency/jackson-mapper-asl-1.9.4.jar:/YCSB/mongodb/target/mongodb-binding-0.18.0-SNAPSHOT.jar:/YCSB/mongodb/target/dependency/bson-5.1.0.jar:/YCSB/mongodb/target/dependency/bson-record-codec-5.1.0.jar:/YCSB/mongodb/target/dependency/logback-classic-1.1.2.jar:/YCSB/mongodb/target/dependency/logback-core-1.1.2.jar:/YCSB/mongodb/target/dependency/mongodb-async-driver-2.0.1.jar:/YCSB/mongodb/target/dependency/mongodb-driver-core-5.1.0.jar:/YCSB/mongodb/target/dependency/mongodb-driver-sync-5.1.0.jar:/YCSB/mongodb/target/dependency/slf4j-api-1.7.25.jar:/YCSB/mongodb/target/dependency/snappy-java-1.1.7.1.jar site.ycsb.Client -t -db site.ycsb.db.MongoDbClient -s -P workloads/workloadr -p mongodb.url=mongodb://root:mongodb123@my-mongodb-sharded:27017/ycsb?authSource=admin&readPreference=nearest -threads 50
Command line: -t -db site.ycsb.db.MongoDbClient -s -P workloads/workloadr -p mongodb.url=mongodb://root:mongodb123@my-mongodb-sharded:27017/ycsb?authSource=admin&readPreference=nearest -threads 50
YCSB Client 0.18.0-SNAPSHOT

Loading workload...
Starting test.
2025-12-14 22:02:41:555 0 sec: 0 operations; est completion in 0 second 
mongo client connection created with mongodb://root:mongodb123@my-mongodb-sharded:27017/ycsb?authSource=admin&readPreference=nearest
DBWrapper: report latency for each error is false and specific error codes to track for latency are: []
2025-12-14 22:02:51:489 10 sec: 48199 operations; 4819.9 current ops/sec; est completion in 34 minutes [UPDATE: Count=48199, Max=381695, Min=3106, Avg=9904.09, 50=9119, 90=10831, 99=22463, 99.9=260223, 99.99=331775] 
2025-12-14 22:03:01:488 20 sec: 100908 operations; 5270.9 current ops/sec; est completion in 32 minutes [UPDATE: Count=52733, Max=26943, Min=5100, Avg=9475.96, 50=9351, 90=10567, 99=13919, 99.9=22895, 99.99=24591] 
2025-12-14 22:03:11:488 30 sec: 153387 operations; 5247.9 current ops/sec; est completion in 32 minutes [UPDATE: Count=52476, Max=21359, Min=5624, Avg=9525.6, 50=9431, 90=10575, 99=13423, 99.9=16559, 99.99=20223] 
2025-12-14 22:03:21:488 40 sec: 170653 operations; 1726.6 current ops/sec; est completion in 38 minutes [UPDATE: Count=17245, Max=121215, Min=5732, Avg=28906.36, 50=10727, 90=67071, 99=103871, 99.9=120191, 99.99=120767] 
2025-12-14 22:03:31:488 50 sec: 203251 operations; 3259.8 current ops/sec; est completion in 40 minutes [UPDATE: Count=32598, Max=229759, Min=5672, Avg=15371.36, 50=9583, 90=19183, 99=106239, 99.9=224895, 99.99=229503] 
2025-12-14 22:03:41:488 60 sec: 255701 operations; 5245 current ops/sec; est completion in 38 minutes [UPDATE: Count=52450, Max=21567, Min=5728, Avg=9527.36, 50=9447, 90=10559, 99=12911, 99.9=18703, 99.99=21423] 
2025-12-14 22:03:51:488 70 sec: 304073 operations; 4837.2 current ops/sec; est completion in 37 minutes [UPDATE: Count=48397, Max=139007, Min=5496, Avg=10309.53, 50=9519, 90=10719, 99=15447, 99.9=126271, 99.99=138879] 
2025-12-14 22:04:01:488 80 sec: 337194 operations; 3312.1 current ops/sec; est completion in 38 minutes [UPDATE: Count=33096, Max=152703, Min=4964, Avg=15033.98, 50=9575, 90=12183, 99=121535, 99.9=150527, 99.99=152447] 
2025-12-14 22:04:11:488 90 sec: 367436 operations; 3024.2 current ops/sec; est completion in 39 minutes [UPDATE: Count=30242, Max=129215, Min=5400, Avg=16638.11, 50=9703, 90=17231, 99=118271, 99.9=127871, 99.99=128831] 
2025-12-14 22:04:21:488 100 sec: 419753 operations; 5231.7 current ops/sec; est completion in 38 minutes [UPDATE: Count=52328, Max=17471, Min=5544, Avg=9553.84, 50=9479, 90=10599, 99=12767, 99.9=14959, 99.99=16687] 
2025-12-14 22:04:31:488 110 sec: 438896 operations; 1914.3 current ops/sec; est completion in 39 minutes [UPDATE: Count=19132, Max=156287, Min=6032, Avg=26041.86, 50=10351, 90=103103, 99=139647, 99.9=155519, 99.99=156159] 
2025-12-14 22:04:41:488 120 sec: 467691 operations; 2879.5 current ops/sec; est completion in 40 minutes [UPDATE: Count=28803, Max=197119, Min=5652, Avg=17402.55, 50=9607, 90=24271, 99=159743, 99.9=193791, 99.99=196991] 
2025-12-14 22:04:51:488 130 sec: 501436 operations; 3374.5 current ops/sec; est completion in 41 minutes [UPDATE: Count=33737, Max=117567, Min=5544, Avg=14825.13, 50=9799, 90=35583, 99=59199, 99.9=105855, 99.99=117247] 
2025-12-14 22:05:01:488 140 sec: 537747 operations; 3631.1 current ops/sec; est completion in 41 minutes [UPDATE: Count=36311, Max=141951, Min=4896, Avg=13769.38, 50=9751, 90=13247, 99=107583, 99.9=139135, 99.99=141695] 
2025-12-14 22:05:11:488 150 sec: 589982 operations; 5223.5 current ops/sec; est completion in 39 minutes [UPDATE: Count=52250, Max=18559, Min=5408, Avg=9567.14, 50=9463, 90=10623, 99=13215, 99.9=17119, 99.99=18255] 
2025-12-14 22:05:21:488 160 sec: 639113 operations; 4913.1 current ops/sec; est completion in 39 minutes [UPDATE: Count=49116, Max=65599, Min=5752, Avg=10159.43, 50=9559, 90=10751, 99=47839, 99.9=64511, 99.99=65375] 
2025-12-14 22:05:31:488 170 sec: 652092 operations; 1297.9 current ops/sec; est completion in 40 minutes [UPDATE: Count=12979, Max=151039, Min=9256, Avg=38337.69, 50=28735, 90=67199, 99=123839, 99.9=148607, 99.99=150399] 
2025-12-14 22:05:41:488 180 sec: 670105 operations; 1801.3 current ops/sec; est completion in 41 minutes [UPDATE: Count=18013, Max=259199, Min=6128, Avg=27768.08, 50=12239, 90=82495, 99=137215, 99.9=257151, 99.99=258175] 
2025-12-14 22:05:51:488 190 sec: 721564 operations; 5145.9 current ops/sec; est completion in 40 minutes [UPDATE: Count=51459, Max=118079, Min=4396, Avg=9771.76, 50=9519, 90=10775, 99=14951, 99.9=30079, 99.99=117183] 
2025-12-14 22:06:01:488 200 sec: 772533 operations; 5096.9 current ops/sec; est completion in 39 minutes [UPDATE: Count=50970, Max=44575, Min=5432, Avg=9807.72, 50=9647, 90=10831, 99=14103, 99.9=31615, 99.99=42399] 
2025-12-14 22:06:11:488 210 sec: 782707 operations; 1017.4 current ops/sec; est completion in 41 minutes [UPDATE: Count=10173, Max=174591, Min=6028, Avg=48965.82, 50=29071, 90=109503, 99=145023, 99.9=173951, 99.99=174335] 
2025-12-14 22:06:21:488 220 sec: 810318 operations; 2761.1 current ops/sec; est completion in 41 minutes [UPDATE: Count=27611, Max=147711, Min=6324, Avg=18171.71, 50=11511, 90=28703, 99=115135, 99.9=143871, 99.99=146559] 
2025-12-14 22:06:31:488 230 sec: 836895 operations; 2657.7 current ops/sec; est completion in 41 minutes [UPDATE: Count=26577, Max=133247, Min=5864, Avg=18790.17, 50=11455, 90=35711, 99=53247, 99.9=127167, 99.99=132991] 
2025-12-14 22:06:41:488 240 sec: 876014 operations; 3911.9 current ops/sec; est completion in 41 minutes [UPDATE: Count=39119, Max=92735, Min=5660, Avg=12782.92, 50=9927, 90=21039, 99=40703, 99.9=72575, 99.99=92607] 
2025-12-14 22:06:51:488 250 sec: 888338 operations; 1232.4 current ops/sec; est completion in 42 minutes [UPDATE: Count=12324, Max=192127, Min=14616, Avg=40520.74, 50=31311, 90=68415, 99=162303, 99.9=191231, 99.99=191999] 
2025-12-14 22:07:01:488 260 sec: 916190 operations; 2785.2 current ops/sec; est completion in 42 minutes [UPDATE: Count=27853, Max=188927, Min=5728, Avg=17982.98, 50=10391, 90=26383, 99=149375, 99.9=186495, 99.99=188799] 
2025-12-14 22:07:11:488 270 sec: 937602 operations; 2141.2 current ops/sec; est completion in 43 minutes [UPDATE: Count=21431, Max=120319, Min=5976, Avg=23308.21, 50=10695, 90=51935, 99=96959, 99.9=114815, 99.99=120191] 
2025-12-14 22:07:21:488 280 sec: 975919 operations; 3831.7 current ops/sec; est completion in 43 minutes [UPDATE: Count=38297, Max=73151, Min=5616, Avg=13048.29, 50=10039, 90=21215, 99=44863, 99.9=62847, 99.99=72895] 
2025-12-14 22:07:31:488 290 sec: 993555 operations; 1763.6 current ops/sec; est completion in 43 minutes [UPDATE: Count=17646, Max=117759, Min=10408, Avg=28359.45, 50=26575, 90=40447, 99=98047, 99.9=117119, 99.99=117759] 
2025-12-14 22:07:41:488 300 sec: 1029766 operations; 3621.1 current ops/sec; est completion in 43 minutes [UPDATE: Count=36220, Max=47871, Min=4752, Avg=13792.18, 50=10015, 90=28607, 99=37567, 99.9=44287, 99.99=47519] 
2025-12-14 22:07:51:488 310 sec: 1056591 operations; 2682.5 current ops/sec; est completion in 43 minutes [UPDATE: Count=26806, Max=109567, Min=5588, Avg=18662.41, 50=14111, 90=34207, 99=50687, 99.9=107903, 99.99=109375] 
2025-12-14 22:08:01:488 320 sec: 1085012 operations; 2842.1 current ops/sec; est completion in 43 minutes [UPDATE: Count=28421, Max=71487, Min=5992, Avg=17564.59, 50=11007, 90=31007, 99=53279, 99.9=70079, 99.99=71423] 
2025-12-14 22:08:11:488 330 sec: 1099494 operations; 1448.2 current ops/sec; est completion in 44 minutes [UPDATE: Count=14482, Max=260607, Min=7052, Avg=34571.98, 50=18031, 90=86847, 99=194047, 99.9=259839, 99.99=260479] 
2025-12-14 22:08:21:488 340 sec: 1150763 operations; 5126.9 current ops/sec; est completion in 43 minutes [UPDATE: Count=51271, Max=26239, Min=4500, Avg=9748.98, 50=9607, 90=10831, 99=14527, 99.9=19919, 99.99=25727] 
2025-12-14 22:08:31:488 350 sec: 1202533 operations; 5177 current ops/sec; est completion in 42 minutes [UPDATE: Count=51768, Max=25855, Min=6100, Avg=9655.34, 50=9527, 90=10727, 99=14287, 99.9=20559, 99.99=22207] 
2025-12-14 22:08:41:488 360 sec: 1254826 operations; 5229.3 current ops/sec; est completion in 41 minutes [UPDATE: Count=52293, Max=21327, Min=5648, Avg=9558.93, 50=9503, 90=10543, 99=12599, 99.9=17119, 99.99=20943] 
2025-12-14 22:08:51:488 370 sec: 1266873 operations; 1204.7 current ops/sec; est completion in 42 minutes [UPDATE: Count=12047, Max=137727, Min=5976, Avg=41157.02, 50=12199, 90=102911, 99=126975, 99.9=136703, 99.99=137599] 
2025-12-14 22:09:01:488 380 sec: 1285682 operations; 1880.9 current ops/sec; est completion in 42 minutes [UPDATE: Count=18809, Max=141439, Min=6216, Avg=26802.8, 50=16287, 90=43135, 99=124159, 99.9=140671, 99.99=141439] 
2025-12-14 22:09:11:488 390 sec: 1322100 operations; 3641.8 current ops/sec; est completion in 42 minutes [UPDATE: Count=36418, Max=55679, Min=5704, Avg=13707.11, 50=9927, 90=26159, 99=43615, 99.9=50879, 99.99=55551] 
2025-12-14 22:09:21:488 400 sec: 1334827 operations; 1272.7 current ops/sec; est completion in 43 minutes [UPDATE: Count=12727, Max=223743, Min=9480, Avg=39155.36, 50=28047, 90=74431, 99=143359, 99.9=222847, 99.99=223487] 
2025-12-14 22:09:31:488 410 sec: 1382528 operations; 4770.1 current ops/sec; est completion in 42 minutes [UPDATE: Count=47701, Max=93631, Min=5480, Avg=10524.68, 50=9663, 90=11703, 99=29231, 99.9=87167, 99.99=93311] 
2025-12-14 22:09:41:488 420 sec: 1433150 operations; 5062.2 current ops/sec; est completion in 41 minutes [UPDATE: Count=50622, Max=111231, Min=1731, Avg=9876.83, 50=9823, 90=11431, 99=15527, 99.9=48767, 99.99=108095] 
2025-12-14 22:09:51:488 430 sec: 1491251 operations; 5810.1 current ops/sec; est completion in 40 minutes [UPDATE: Count=58101, Max=80511, Min=2188, Avg=8604.7, 50=8447, 90=10799, 99=16511, 99.9=44127, 99.99=79743] 
2025-12-14 22:10:01:488 440 sec: 1516562 operations; 2531.1 current ops/sec; est completion in 41 minutes [UPDATE: Count=25311, Max=127167, Min=2086, Avg=19606.42, 50=8067, 90=56607, 99=103743, 99.9=122751, 99.99=127103] 
2025-12-14 22:10:11:488 450 sec: 1533969 operations; 1740.7 current ops/sec; est completion in 41 minutes [UPDATE: Count=17412, Max=201343, Min=2064, Avg=28916.78, 50=13959, 90=81535, 99=132607, 99.9=171775, 99.99=201215] 
2025-12-14 22:10:21:488 460 sec: 1599072 operations; 6510.3 current ops/sec; est completion in 40 minutes [UPDATE: Count=65106, Max=53087, Min=2164, Avg=7664.09, 50=7555, 90=9191, 99=14031, 99.9=42879, 99.99=52863] 
2025-12-14 22:10:31:488 470 sec: 1613712 operations; 1464 current ops/sec; est completion in 40 minutes [UPDATE: Count=14632, Max=213247, Min=2074, Avg=34148.78, 50=35359, 90=63871, 99=133503, 99.9=175999, 99.99=196991] 
2025-12-14 22:10:41:488 480 sec: 1671337 operations; 5762.5 current ops/sec; est completion in 39 minutes [UPDATE: Count=57626, Max=173311, Min=2124, Avg=8695.11, 50=7507, 90=9231, 99=42975, 99.9=136575, 99.99=172031] 
2025-12-14 22:10:51:488 490 sec: 1696581 operations; 2524.4 current ops/sec; est completion in 39 minutes [UPDATE: Count=25243, Max=119871, Min=2086, Avg=19769.2, 50=8207, 90=54911, 99=104831, 99.9=118015, 99.99=119743] 
2025-12-14 22:11:01:488 500 sec: 1742277 operations; 4569.6 current ops/sec; est completion in 39 minutes [UPDATE: Count=45696, Max=116735, Min=2124, Avg=10957.63, 50=7799, 90=16607, 99=88703, 99.9=111103, 99.99=116287] 
2025-12-14 22:11:11:488 510 sec: 1790349 operations; 4807.2 current ops/sec; est completion in 38 minutes [UPDATE: Count=48072, Max=52095, Min=2104, Avg=10398.9, 50=7915, 90=20255, 99=35775, 99.9=48863, 99.99=51839] 
2025-12-14 22:11:21:488 520 sec: 1846382 operations; 5603.3 current ops/sec; est completion in 38 minutes [UPDATE: Count=56033, Max=150015, Min=2156, Avg=8919.98, 50=7587, 90=9319, 99=85567, 99.9=127615, 99.99=148863] 
2025-12-14 22:11:31:488 530 sec: 1899160 operations; 5277.8 current ops/sec; est completion in 37 minutes [UPDATE: Count=52778, Max=146943, Min=2376, Avg=9415.56, 50=7691, 90=9695, 99=78143, 99.9=130431, 99.99=146431] 
2025-12-14 22:11:41:488 540 sec: 1913229 operations; 1406.9 current ops/sec; est completion in 38 minutes [UPDATE: Count=14069, Max=236031, Min=2045, Avg=35565.77, 50=33055, 90=74879, 99=145023, 99.9=220415, 99.99=235007] 
2025-12-14 22:11:51:488 550 sec: 1951373 operations; 3814.4 current ops/sec; est completion in 37 minutes [UPDATE: Count=38144, Max=133247, Min=2043, Avg=13170.28, 50=7779, 90=21743, 99=103807, 99.9=129087, 99.99=133247] 
2025-12-14 22:12:01:488 560 sec: 2017770 operations; 6639.7 current ops/sec; est completion in 36 minutes [UPDATE: Count=66403, Max=27951, Min=2366, Avg=7528.83, 50=7611, 90=9103, 99=11199, 99.9=17087, 99.99=26591] 
2025-12-14 22:12:11:488 570 sec: 2084466 operations; 6669.6 current ops/sec; est completion in 36 minutes [UPDATE: Count=66691, Max=32047, Min=2228, Avg=7494.33, 50=7583, 90=9063, 99=11159, 99.9=17823, 99.99=28751] 
2025-12-14 22:12:21:488 580 sec: 2100574 operations; 1610.8 current ops/sec; est completion in 36 minutes [UPDATE: Count=16107, Max=159103, Min=2084, Avg=30945.41, 50=9511, 90=76735, 99=116031, 99.9=145535, 99.99=158719] 
2025-12-14 22:12:31:488 590 sec: 2135487 operations; 3491.3 current ops/sec; est completion in 36 minutes [UPDATE: Count=34913, Max=78271, Min=2074, Avg=14361.84, 50=8015, 90=43071, 99=62975, 99.9=75071, 99.99=78015] 
2025-12-14 22:12:41:488 600 sec: 2188310 operations; 5282.3 current ops/sec; est completion in 35 minutes [UPDATE: Count=52823, Max=193407, Min=2068, Avg=9462.4, 50=7527, 90=9447, 99=76671, 99.9=167551, 99.99=192767] 
2025-12-14 22:12:51:488 610 sec: 2228831 operations; 4052.1 current ops/sec; est completion in 35 minutes [UPDATE: Count=40521, Max=106175, Min=2094, Avg=12278.97, 50=7715, 90=36991, 99=71679, 99.9=98815, 99.99=105663] 
2025-12-14 22:13:01:488 620 sec: 2243314 operations; 1448.3 current ops/sec; est completion in 35 minutes [UPDATE: Count=14483, Max=173439, Min=2090, Avg=34600.34, 50=32111, 90=74943, 99=119679, 99.9=171903, 99.99=173183] 
2025-12-14 22:13:11:488 630 sec: 2295681 operations; 5236.7 current ops/sec; est completion in 35 minutes [UPDATE: Count=52367, Max=142335, Min=2106, Avg=9568.25, 50=7639, 90=10583, 99=103487, 99.9=133503, 99.99=142079] 
2025-12-14 22:13:21:488 640 sec: 2356168 operations; 6048.7 current ops/sec; est completion in 34 minutes [UPDATE: Count=60488, Max=142975, Min=2190, Avg=8261.81, 50=7611, 90=9279, 99=15919, 99.9=113151, 99.99=136063] 
2025-12-14 22:13:31:488 650 sec: 2411879 operations; 5571.1 current ops/sec; est completion in 34 minutes [UPDATE: Count=55719, Max=170239, Min=2124, Avg=8972.48, 50=7539, 90=9263, 99=92223, 99.9=134783, 99.99=168575] 
2025-12-14 22:13:41:488 660 sec: 2447156 operations; 3527.7 current ops/sec; est completion in 33 minutes [UPDATE: Count=35268, Max=188287, Min=2102, Avg=14146.64, 50=7791, 90=39615, 99=94655, 99.9=127679, 99.99=188031] 
2025-12-14 22:13:51:488 670 sec: 2472510 operations; 2535.4 current ops/sec; est completion in 34 minutes [UPDATE: Count=25355, Max=108799, Min=2102, Avg=19730.75, 50=11935, 90=55743, 99=89535, 99.9=105663, 99.99=108735] 
2025-12-14 22:14:01:488 680 sec: 2521133 operations; 4862.3 current ops/sec; est completion in 33 minutes [UPDATE: Count=48622, Max=128319, Min=2116, Avg=10263.28, 50=7715, 90=19887, 99=38271, 99.9=117119, 99.99=127167] 
2025-12-14 22:14:11:488 690 sec: 2558980 operations; 3784.7 current ops/sec; est completion in 33 minutes [UPDATE: Count=37847, Max=134911, Min=2128, Avg=13248.35, 50=7947, 90=28639, 99=89727, 99.9=129279, 99.99=134783] 
2025-12-14 22:14:21:488 700 sec: 2625077 operations; 6609.7 current ops/sec; est completion in 32 minutes [UPDATE: Count=66100, Max=29215, Min=2270, Avg=7562.02, 50=7551, 90=9215, 99=12183, 99.9=20143, 99.99=28063] 
2025-12-14 22:14:31:488 710 sec: 2664956 operations; 3987.9 current ops/sec; est completion in 32 minutes [UPDATE: Count=39876, Max=114367, Min=2080, Avg=12533.96, 50=7731, 90=15519, 99=83007, 99.9=102271, 99.99=113343] 
2025-12-14 22:14:41:488 720 sec: 2698285 operations; 3332.9 current ops/sec; est completion in 32 minutes [UPDATE: Count=33329, Max=129215, Min=2048, Avg=14989.51, 50=7831, 90=45151, 99=86335, 99.9=121791, 99.99=128767] 
2025-12-14 22:14:51:488 730 sec: 2753587 operations; 5530.2 current ops/sec; est completion in 32 minutes [UPDATE: Count=55309, Max=137599, Min=2132, Avg=9044.74, 50=7687, 90=11127, 99=47007, 99.9=116223, 99.99=133375] 
2025-12-14 22:15:01:488 740 sec: 2819125 operations; 6553.8 current ops/sec; est completion in 31 minutes [UPDATE: Count=65531, Max=26783, Min=2326, Avg=7626.44, 50=7663, 90=9271, 99=12079, 99.9=18911, 99.99=22943] 
2025-12-14 22:15:11:488 750 sec: 2852412 operations; 3328.7 current ops/sec; est completion in 31 minutes [UPDATE: Count=33287, Max=143487, Min=1902, Avg=14982.6, 50=7979, 90=40095, 99=76031, 99.9=128767, 99.99=143103] 
2025-12-14 22:15:21:488 760 sec: 2863931 operations; 1151.9 current ops/sec; est completion in 31 minutes [UPDATE: Count=11519, Max=155903, Min=2112, Avg=43504.62, 50=35839, 90=102527, 99=137855, 99.9=155391, 99.99=155775] 
2025-12-14 22:15:31:488 770 sec: 2929017 operations; 6508.6 current ops/sec; est completion in 30 minutes [UPDATE: Count=65086, Max=431615, Min=2240, Avg=7679.74, 50=7647, 90=9167, 99=11583, 99.9=21519, 99.99=425471] 
2025-12-14 22:15:41:488 780 sec: 2988623 operations; 5960.6 current ops/sec; est completion in 30 minutes [UPDATE: Count=59607, Max=89663, Min=2108, Avg=8387.06, 50=7615, 90=9319, 99=49695, 99.9=84095, 99.99=89087] 
2025-12-14 22:15:51:488 790 sec: 3019938 operations; 3131.5 current ops/sec; est completion in 30 minutes [UPDATE: Count=31314, Max=189311, Min=2100, Avg=15921.88, 50=7731, 90=45887, 99=153983, 99.9=183167, 99.99=189183] 
2025-12-14 22:16:01:488 800 sec: 3039565 operations; 1962.7 current ops/sec; est completion in 30 minutes [UPDATE: Count=19628, Max=114239, Min=2074, Avg=25532.27, 50=13255, 90=75327, 99=103743, 99.9=113023, 99.99=114111] 
2025-12-14 22:16:11:488 810 sec: 3102498 operations; 6293.3 current ops/sec; est completion in 30 minutes [UPDATE: Count=62932, Max=29567, Min=2256, Avg=7944.61, 50=7695, 90=9791, 99=17919, 99.9=25663, 99.99=27039] 
2025-12-14 22:16:21:488 820 sec: 3153278 operations; 5078 current ops/sec; est completion in 29 minutes [UPDATE: Count=50780, Max=133759, Min=1907, Avg=9811.13, 50=7623, 90=9647, 99=90367, 99.9=117567, 99.99=132607] 
2025-12-14 22:16:31:488 830 sec: 3170539 operations; 1726.1 current ops/sec; est completion in 29 minutes [UPDATE: Count=17261, Max=130047, Min=2029, Avg=29044.05, 50=28047, 90=58047, 99=88127, 99.9=108927, 99.99=129919] 
2025-12-14 22:16:41:488 840 sec: 3209120 operations; 3858.1 current ops/sec; est completion in 29 minutes [UPDATE: Count=38583, Max=146047, Min=2096, Avg=12963.58, 50=7751, 90=32191, 99=79423, 99.9=131327, 99.99=143231] 
2025-12-14 22:16:51:488 850 sec: 3250915 operations; 4179.5 current ops/sec; est completion in 29 minutes [UPDATE: Count=41796, Max=161919, Min=2086, Avg=11959.85, 50=7635, 90=10575, 99=103295, 99.9=154751, 99.99=161151] 
2025-12-14 22:17:01:488 860 sec: 3312108 operations; 6119.3 current ops/sec; est completion in 28 minutes [UPDATE: Count=61190, Max=121407, Min=2017, Avg=8168.26, 50=7583, 90=9327, 99=19231, 99.9=103615, 99.99=120319] 
2025-12-14 22:17:11:488 870 sec: 3363844 operations; 5173.6 current ops/sec; est completion in 28 minutes [UPDATE: Count=51736, Max=77759, Min=2144, Avg=9633.6, 50=7595, 90=9663, 99=56479, 99.9=73343, 99.99=77439] 
2025-12-14 22:17:21:488 880 sec: 3386492 operations; 2264.8 current ops/sec; est completion in 28 minutes [UPDATE: Count=22648, Max=105791, Min=2026, Avg=22134.18, 50=11831, 90=54399, 99=80447, 99.9=100287, 99.99=105727] 
2025-12-14 22:17:31:488 890 sec: 3430179 operations; 4368.7 current ops/sec; est completion in 28 minutes [UPDATE: Count=43687, Max=121279, Min=2110, Avg=11414.26, 50=7807, 90=15639, 99=89279, 99.9=112575, 99.99=121023] 
2025-12-14 22:17:41:488 900 sec: 3468379 operations; 3820 current ops/sec; est completion in 28 minutes [UPDATE: Count=38200, Max=131583, Min=2100, Avg=13120.43, 50=8103, 90=27519, 99=75583, 99.9=109887, 99.99=130879] 
2025-12-14 22:17:51:488 910 sec: 3533910 operations; 6553.1 current ops/sec; est completion in 27 minutes [UPDATE: Count=65531, Max=50111, Min=2336, Avg=7628.17, 50=7567, 90=9183, 99=13447, 99.9=29791, 99.99=44159] 
2025-12-14 22:18:01:488 920 sec: 3559807 operations; 2589.7 current ops/sec; est completion in 27 minutes [UPDATE: Count=25900, Max=155007, Min=2108, Avg=19300.98, 50=7931, 90=48031, 99=123263, 99.9=145279, 99.99=154751] 
2025-12-14 22:18:11:488 930 sec: 3593841 operations; 3403.4 current ops/sec; est completion in 27 minutes [UPDATE: Count=34031, Max=121855, Min=2039, Avg=14640.44, 50=7831, 90=32591, 99=92671, 99.9=110207, 99.99=120319] 
2025-12-14 22:18:21:488 940 sec: 3647478 operations; 5363.7 current ops/sec; est completion in 27 minutes [UPDATE: Count=53637, Max=109503, Min=2136, Avg=9349.35, 50=7759, 90=12511, 99=71807, 99.9=106687, 99.99=108927] 
2025-12-14 22:18:31:488 950 sec: 3713311 operations; 6583.3 current ops/sec; est completion in 26 minutes [UPDATE: Count=65833, Max=35519, Min=2178, Avg=7593.4, 50=7631, 90=9231, 99=11863, 99.9=24031, 99.99=33439] 
2025-12-14 22:18:41:488 960 sec: 3744838 operations; 3152.7 current ops/sec; est completion in 26 minutes [UPDATE: Count=31527, Max=139903, Min=2040, Avg=15854.36, 50=7959, 90=39167, 99=97535, 99.9=127935, 99.99=139135] 
2025-12-14 22:18:51:488 970 sec: 3757028 operations; 1219 current ops/sec; est completion in 26 minutes [UPDATE: Count=12190, Max=144511, Min=2080, Avg=40990.66, 50=27583, 90=101631, 99=124543, 99.9=143871, 99.99=144383] 
2025-12-14 22:19:01:488 980 sec: 3806797 operations; 4976.9 current ops/sec; est completion in 26 minutes [UPDATE: Count=49774, Max=125055, Min=2084, Avg=10050.39, 50=7607, 90=10087, 99=64511, 99.9=107327, 99.99=124479] 
2025-12-14 22:19:11:488 990 sec: 3870482 operations; 6368.5 current ops/sec; est completion in 26 minutes [UPDATE: Count=63680, Max=114623, Min=2118, Avg=7848, 50=7619, 90=9231, 99=14823, 99.9=95551, 99.99=113599] 
2025-12-14 22:19:21:488 1000 sec: 3909807 operations; 3932.5 current ops/sec; est completion in 25 minutes [UPDATE: Count=39325, Max=128575, Min=2128, Avg=12669.04, 50=7707, 90=37151, 99=93055, 99.9=113727, 99.99=126847] 
2025-12-14 22:19:31:488 1010 sec: 3955666 operations; 4585.9 current ops/sec; est completion in 25 minutes [UPDATE: Count=45859, Max=98111, Min=2098, Avg=10916.48, 50=7779, 90=11959, 99=59999, 99.9=92031, 99.99=97471] 
2025-12-14 22:19:41:488 1020 sec: 3995739 operations; 4007.3 current ops/sec; est completion in 25 minutes [UPDATE: Count=40073, Max=129855, Min=2126, Avg=12438.82, 50=7911, 90=29983, 99=69119, 99.9=111679, 99.99=129343] 
2025-12-14 22:19:51:488 1030 sec: 4047318 operations; 5157.9 current ops/sec; est completion in 25 minutes [UPDATE: Count=51580, Max=128575, Min=2056, Avg=9736.68, 50=7631, 90=9655, 99=87359, 99.9=119039, 99.99=127295] 
2025-12-14 22:20:01:488 1040 sec: 4074499 operations; 2718.1 current ops/sec; est completion in 25 minutes [UPDATE: Count=27180, Max=68287, Min=2064, Avg=18368.76, 50=9583, 90=39679, 99=54175, 99.9=66687, 99.99=68159] 
2025-12-14 22:20:11:488 1050 sec: 4116816 operations; 4231.7 current ops/sec; est completion in 25 minutes [UPDATE: Count=42317, Max=131199, Min=2152, Avg=11826.75, 50=7827, 90=26623, 99=66943, 99.9=102719, 99.99=129087] 
2025-12-14 22:20:21:488 1060 sec: 4157111 operations; 4029.5 current ops/sec; est completion in 24 minutes [UPDATE: Count=40295, Max=139647, Min=2108, Avg=12409.56, 50=7915, 90=18223, 99=106303, 99.9=136447, 99.99=139007] 
2025-12-14 22:20:31:488 1070 sec: 4214937 operations; 5782.6 current ops/sec; est completion in 24 minutes [UPDATE: Count=57826, Max=130559, Min=2152, Avg=8644.08, 50=7607, 90=9351, 99=71679, 99.9=114367, 99.99=128895] 
2025-12-14 22:20:41:488 1080 sec: 4265584 operations; 5064.7 current ops/sec; est completion in 24 minutes [UPDATE: Count=50647, Max=85439, Min=2104, Avg=9855.37, 50=7767, 90=10751, 99=48863, 99.9=65663, 99.99=85055] 
2025-12-14 22:20:51:488 1090 sec: 4313078 operations; 4749.4 current ops/sec; est completion in 23 minutes [UPDATE: Count=47494, Max=105279, Min=2120, Avg=10511.65, 50=7799, 90=14207, 99=67391, 99.9=89919, 99.99=104959] 
2025-12-14 22:21:01:488 1100 sec: 4342265 operations; 2918.7 current ops/sec; est completion in 23 minutes [UPDATE: Count=29193, Max=129599, Min=2082, Avg=17170.85, 50=7871, 90=60447, 99=107583, 99.9=124671, 99.99=127871] 
2025-12-14 22:21:11:488 1110 sec: 4380472 operations; 3820.7 current ops/sec; est completion in 23 minutes [UPDATE: Count=38201, Max=129919, Min=2090, Avg=13067.35, 50=7803, 90=36287, 99=49151, 99.9=103999, 99.99=129023] 
2025-12-14 22:21:21:488 1120 sec: 4422473 operations; 4200.1 current ops/sec; est completion in 23 minutes [UPDATE: Count=42007, Max=69119, Min=2102, Avg=11916.89, 50=7843, 90=33471, 99=54399, 99.9=63583, 99.99=68799] 
2025-12-14 22:21:31:488 1130 sec: 4476389 operations; 5391.6 current ops/sec; est completion in 23 minutes [UPDATE: Count=53910, Max=117311, Min=2130, Avg=9251.58, 50=7727, 90=9655, 99=55807, 99.9=103871, 99.99=116735] 