/usr/local/openjdk-11/bin/java  -classpath /YCSB/conf:/YCSB/core/target/core-0.18.0-SNAPSHOT.jar:/YCSB/core/target/dependency/HdrHistogram-2.1.12.jar:/YCSB/core/target/dependency/htrace-core4-4.1.0-incubating.jar:/YCSB/core/target/dependency/jackson-core-asl-1.9.4.jar:/YCSB/core/target/dependency/jackson-mapper-asl-1.9.4.jar:/YCSB/mongodb/target/mongodb-binding-0.18.0-SNAPSHOT.jar:/YCSB/mongodb/target/dependency/bson-5.1.0.jar:/YCSB/mongodb/target/dependency/bson-record-codec-5.1.0.jar:/YCSB/mongodb/target/dependency/logback-classic-1.1.2.jar:/YCSB/mongodb/target/dependency/logback-core-1.1.2.jar:/YCSB/mongodb/target/dependency/mongodb-async-driver-2.0.1.jar:/YCSB/mongodb/target/dependency/mongodb-driver-core-5.1.0.jar:/YCSB/mongodb/target/dependency/mongodb-driver-sync-5.1.0.jar:/YCSB/mongodb/target/dependency/slf4j-api-1.7.25.jar:/YCSB/mongodb/target/dependency/snappy-java-1.1.7.1.jar site.ycsb.Client -t -db site.ycsb.db.MongoDbClient -s -P workloads/workloadr -p mongodb.url=mongodb://root:mongodb123@my-mongodb-sharded:27017/ycsb?authSource=admin&readPreference=nearest -threads 10
Command line: -t -db site.ycsb.db.MongoDbClient -s -P workloads/workloadr -p mongodb.url=mongodb://root:mongodb123@my-mongodb-sharded:27017/ycsb?authSource=admin&readPreference=nearest -threads 10
YCSB Client 0.18.0-SNAPSHOT

Loading workload...
Starting test.
2025-12-07 03:46:44:326 0 sec: 0 operations; est completion in 0 second 
mongo client connection created with mongodb://root:mongodb123@my-mongodb-sharded:27017/ycsb?authSource=admin&readPreference=nearest
DBWrapper: report latency for each error is false and specific error codes to track for latency are: []
2025-12-07 03:46:54:274 10 sec: 46638 operations; 4663.33 current ops/sec; est completion in 3 minutes [READ: Count=46665, Max=270079, Min=895, Avg=2037.95, 50=1240, 90=1997, 99=20223, 99.9=57631, 99.99=245119] 
2025-12-07 03:47:04:273 20 sec: 94498 operations; 4786.48 current ops/sec; est completion in 3 minutes [READ: Count=47838, Max=45535, Min=880, Avg=2085.12, 50=1130, 90=1854, 99=30815, 99.9=38911, 99.99=43775] 
2025-12-07 03:47:14:273 30 sec: 149097 operations; 5459.9 current ops/sec; est completion in 2 minutes [READ: Count=54602, Max=38847, Min=864, Avg=1827.94, 50=1128, 90=1809, 99=23199, 99.9=30623, 99.99=35391] 
2025-12-07 03:47:24:273 40 sec: 200927 operations; 5183 current ops/sec; est completion in 2 minutes [READ: Count=51828, Max=69823, Min=873, Avg=1926.06, 50=1139, 90=1841, 99=24639, 99.9=53375, 99.99=65727] 
#OUTLIER 2025-12-07 03:47:34:273 50 sec: 231227 operations; 3030 current ops/sec; est completion in 2 minutes [READ: Count=30294, Max=60191, Min=882, Avg=1949.99, 50=1144, 90=1864, 99=31183, 99.9=41119, 99.99=45087] 
#OUTLIER 2025-12-07 03:47:44:273 60 sec: 231227 operations; 0 current ops/sec; est completion in 3 minutes [READ: Count=0, Max=0, Min=0, Avg=0, 50=0, 90=0, 99=0, 99.9=0, 99.99=0] 
#OUTLIER 2025-12-07 03:47:54:273 70 sec: 231227 operations; 0 current ops/sec; est completion in 3 minutes [READ: Count=0, Max=0, Min=0, Avg=0, 50=0, 90=0, 99=0, 99.9=0, 99.99=0] 
#OUTLIER 2025-12-07 03:48:04:273 80 sec: 231266 operations; 3.9 current ops/sec; est completion in 4 minutes [READ: Count=39, Max=27066367, Min=850, Avg=6937378.41, 50=1569, 90=27066367, 99=27066367, 99.9=27066367, 99.99=27066367] 
#OUTLIER 2025-12-07 03:48:14:273 90 sec: 231266 operations; 0 current ops/sec; est completion in 5 minutes [READ: Count=0, Max=0, Min=0, Avg=0, 50=0, 90=0, 99=0, 99.9=0, 99.99=0] 
#OUTLIER 2025-12-07 03:48:24:273 100 sec: 270776 operations; 3951 current ops/sec; est completion in 4 minutes [READ: Count=39512, Max=21102591, Min=785, Avg=6837.74, 50=1190, 90=1949, 99=3077, 99.9=25647, 99.99=21102591] 
2025-12-07 03:48:34:273 110 sec: 342466 operations; 7169 current ops/sec; est completion in 3 minutes [READ: Count=71691, Max=41823, Min=793, Avg=1392.28, 50=1128, 90=1866, 99=2377, 99.9=30287, 99.99=40415] 
2025-12-07 03:48:44:273 120 sec: 414252 operations; 7178.6 current ops/sec; est completion in 2 minutes [READ: Count=71786, Max=59263, Min=778, Avg=1390.46, 50=1118, 90=1842, 99=2475, 99.9=31535, 99.99=39199] 
2025-12-07 03:48:54:273 130 sec: 491204 operations; 7695.2 current ops/sec; est completion in 2 minutes [READ: Count=76957, Max=77311, Min=782, Avg=1296.81, 50=1123, 90=1817, 99=2237, 99.9=20975, 99.99=51359] 
2025-12-07 03:49:04:273 140 sec: 565795 operations; 7459.1 current ops/sec; est completion in 1 minute [READ: Count=74589, Max=44607, Min=795, Avg=1338.08, 50=1115, 90=1803, 99=2331, 99.9=31151, 99.99=41279] 
2025-12-07 03:49:14:273 150 sec: 639534 operations; 7373.9 current ops/sec; est completion in 1 minute [READ: Count=73735, Max=43359, Min=782, Avg=1353.63, 50=1109, 90=1792, 99=2357, 99.9=30095, 99.99=40031] 
2025-12-07 03:49:24:273 160 sec: 717621 operations; 7808.7 current ops/sec; est completion in 1 minute [READ: Count=78088, Max=82815, Min=773, Avg=1277.96, 50=1119, 90=1777, 99=2209, 99.9=20415, 99.99=67647] 
2025-12-07 03:49:34:273 170 sec: 790534 operations; 7291.3 current ops/sec; est completion in 46 seconds [READ: Count=72915, Max=417279, Min=795, Avg=1368.9, 50=1115, 90=1738, 99=2269, 99.9=32495, 99.99=210303] 
2025-12-07 03:49:44:273 180 sec: 864635 operations; 7410.1 current ops/sec; est completion in 29 seconds [READ: Count=74103, Max=71231, Min=796, Avg=1346.93, 50=1113, 90=1764, 99=2399, 99.9=32127, 99.99=43679] 
2025-12-07 03:49:54:273 190 sec: 943258 operations; 7862.3 current ops/sec; est completion in 12 seconds [READ: Count=78623, Max=73407, Min=762, Avg=1269.32, 50=1114, 90=1751, 99=2169, 99.9=24575, 99.99=55455] 
#OUTLIER 2025-12-07 03:50:02:121 197 sec: 1000000 operations; 7229.2 current ops/sec; [READ: Count=56735, Max=40927, Min=792, Avg=1339.18, 50=1106, 90=1751, 99=2311, 99.9=33503, 99.99=39583] [CLEANUP: Count=10, Max=7907, Min=1, Avg=792.1, 50=1, 90=7, 99=7907, 99.9=7907, 99.99=7907] 
[OVERALL], RunTime(ms), 197849
[OVERALL], Throughput(ops/sec), 5054.359637905675
[TOTAL_GCS_Copy], Count, 224
[TOTAL_GC_TIME_Copy], Time(ms), 323
[TOTAL_GC_TIME_%_Copy], Time(%), 0.16325581630435332
[TOTAL_GCS_MarkSweepCompact], Count, 0
[TOTAL_GC_TIME_MarkSweepCompact], Time(ms), 0
[TOTAL_GC_TIME_%_MarkSweepCompact], Time(%), 0.0
[TOTAL_GCs], Count, 224
[TOTAL_GC_TIME], Time(ms), 323
[TOTAL_GC_TIME_%], Time(%), 0.16325581630435332
[READ], Operations, 1000000
[READ], AverageLatency(us), 1968.522911
[READ], MinLatency(us), 762
[READ], MaxLatency(us), 27066367
[READ], 50thPercentileLatency(us), 1126
[READ], 95thPercentileLatency(us), 1960
[READ], 99thPercentileLatency(us), 10711
[READ], Return=OK, 1000000
[CLEANUP], Operations, 10
[CLEANUP], AverageLatency(us), 792.1
[CLEANUP], MinLatency(us), 1
[CLEANUP], MaxLatency(us), 7907
[CLEANUP], 50thPercentileLatency(us), 1
[CLEANUP], 95thPercentileLatency(us), 7907
[CLEANUP], 99thPercentileLatency(us), 7907