/usr/local/openjdk-11/bin/java  -classpath /YCSB/conf:/YCSB/core/target/core-0.18.0-SNAPSHOT.jar:/YCSB/core/target/dependency/HdrHistogram-2.1.12.jar:/YCSB/core/target/dependency/htrace-core4-4.1.0-incubating.jar:/YCSB/core/target/dependency/jackson-core-asl-1.9.4.jar:/YCSB/core/target/dependency/jackson-mapper-asl-1.9.4.jar:/YCSB/mongodb/target/mongodb-binding-0.18.0-SNAPSHOT.jar:/YCSB/mongodb/target/dependency/bson-5.1.0.jar:/YCSB/mongodb/target/dependency/bson-record-codec-5.1.0.jar:/YCSB/mongodb/target/dependency/logback-classic-1.1.2.jar:/YCSB/mongodb/target/dependency/logback-core-1.1.2.jar:/YCSB/mongodb/target/dependency/mongodb-async-driver-2.0.1.jar:/YCSB/mongodb/target/dependency/mongodb-driver-core-5.1.0.jar:/YCSB/mongodb/target/dependency/mongodb-driver-sync-5.1.0.jar:/YCSB/mongodb/target/dependency/slf4j-api-1.7.25.jar:/YCSB/mongodb/target/dependency/snappy-java-1.1.7.1.jar site.ycsb.Client -t -db site.ycsb.db.MongoDbClient -s -P workloads/workloadr -p mongodb.url=mongodb://root:mongodb123@my-mongodb-sharded:27017/ycsb?authSource=admin&readPreference=nearest -threads 10
Command line: -t -db site.ycsb.db.MongoDbClient -s -P workloads/workloadr -p mongodb.url=mongodb://root:mongodb123@my-mongodb-sharded:27017/ycsb?authSource=admin&readPreference=nearest -threads 10
YCSB Client 0.18.0-SNAPSHOT

Loading workload...
Starting test.
2025-12-07 03:50:02:487 0 sec: 0 operations; est completion in 0 second 
mongo client connection created with mongodb://root:mongodb123@my-mongodb-sharded:27017/ycsb?authSource=admin&readPreference=nearest
DBWrapper: report latency for each error is false and specific error codes to track for latency are: []
#OUTLIER 2025-12-07 03:50:12:436 10 sec: 59701 operations; 5969.5 current ops/sec; est completion in 2 minutes [READ: Count=59731, Max=297727, Min=769, Avg=1593.16, 50=1162, 90=1872, 99=12159, 99.9=33183, 99.99=257151] 
2025-12-07 03:50:22:436 20 sec: 140541 operations; 8084.81 current ops/sec; est completion in 2 minutes [READ: Count=80817, Max=65055, Min=759, Avg=1233.15, 50=1088, 90=1714, 99=2219, 99.9=18127, 99.99=52095] 
2025-12-07 03:50:32:436 30 sec: 214837 operations; 7429.6 current ops/sec; est completion in 1 minute [READ: Count=74293, Max=51871, Min=753, Avg=1342.78, 50=1090, 90=1753, 99=2747, 99.9=31855, 99.99=43199] 
2025-12-07 03:50:42:436 40 sec: 285686 operations; 7084.9 current ops/sec; est completion in 1 minute [READ: Count=70853, Max=57823, Min=753, Avg=1408.81, 50=1094, 90=1775, 99=5199, 99.9=32335, 99.99=41887] 
2025-12-07 03:50:52:436 50 sec: 366971 operations; 8128.5 current ops/sec; est completion in 1 minute [READ: Count=81281, Max=51839, Min=751, Avg=1227.18, 50=1091, 90=1730, 99=2221, 99.9=14663, 99.99=46431] 
2025-12-07 03:51:02:436 60 sec: 440963 operations; 7399.2 current ops/sec; est completion in 1 minute [READ: Count=73995, Max=53471, Min=758, Avg=1349.38, 50=1092, 90=1763, 99=3183, 99.9=31775, 99.99=39455] 
2025-12-07 03:51:12:436 70 sec: 510986 operations; 7002.3 current ops/sec; est completion in 1 minute [READ: Count=70023, Max=68223, Min=759, Avg=1425.54, 50=1095, 90=1783, 99=6815, 99.9=33727, 99.99=43359] 
2025-12-07 03:51:22:436 80 sec: 592322 operations; 8133.6 current ops/sec; est completion in 56 seconds [READ: Count=81333, Max=76671, Min=746, Avg=1226.44, 50=1089, 90=1728, 99=2215, 99.9=14903, 99.99=45535] 
2025-12-07 03:51:32:436 90 sec: 666361 operations; 7403.9 current ops/sec; est completion in 46 seconds [READ: Count=74039, Max=49663, Min=753, Avg=1348.59, 50=1094, 90=1735, 99=3541, 99.9=34463, 99.99=43199] 
2025-12-07 03:51:42:436 100 sec: 736299 operations; 6993.8 current ops/sec; est completion in 36 seconds [READ: Count=69937, Max=45471, Min=758, Avg=1427.26, 50=1097, 90=1775, 99=8831, 99.9=32399, 99.99=39071] 
2025-12-07 03:51:52:436 110 sec: 815203 operations; 7890.4 current ops/sec; est completion in 25 seconds [READ: Count=78902, Max=74111, Min=752, Avg=1263.88, 50=1095, 90=1726, 99=2345, 99.9=24783, 99.99=49791] 
2025-12-07 03:52:02:436 120 sec: 886322 operations; 7111.9 current ops/sec; est completion in 16 seconds [READ: Count=71122, Max=67391, Min=759, Avg=1404.49, 50=1096, 90=1784, 99=4943, 99.9=34111, 99.99=47519] 
2025-12-07 03:52:12:436 130 sec: 955935 operations; 6961.3 current ops/sec; est completion in 6 second [READ: Count=69612, Max=46015, Min=757, Avg=1433.95, 50=1102, 90=1808, 99=6651, 99.9=31647, 99.99=40031] 
#OUTLIER 2025-12-07 03:52:18:133 135 sec: 1000000 operations; 7733.42 current ops/sec; [READ: Count=44062, Max=15423, Min=733, Avg=1212.27, 50=1089, 90=1767, 99=2219, 99.9=4747, 99.99=12647] [CLEANUP: Count=10, Max=7983, Min=1, Avg=799.9, 50=1, 90=7, 99=7983, 99.9=7983, 99.99=7983] 
[OVERALL], RunTime(ms), 135698
[OVERALL], Throughput(ops/sec), 7369.305369275892
[TOTAL_GCS_Copy], Count, 231
[TOTAL_GC_TIME_Copy], Time(ms), 322
[TOTAL_GC_TIME_%_Copy], Time(%), 0.23729163289068372
[TOTAL_GCS_MarkSweepCompact], Count, 0
[TOTAL_GC_TIME_MarkSweepCompact], Time(ms), 0
[TOTAL_GC_TIME_%_MarkSweepCompact], Time(%), 0.0
[TOTAL_GCs], Count, 231
[TOTAL_GC_TIME], Time(ms), 322
[TOTAL_GC_TIME_%], Time(%), 0.23729163289068372
[READ], Operations, 1000000
[READ], AverageLatency(us), 1346.077014
[READ], MinLatency(us), 733
[READ], MaxLatency(us), 297727
[READ], 50thPercentileLatency(us), 1096
[READ], 95thPercentileLatency(us), 1921
[READ], 99thPercentileLatency(us), 2707
[READ], Return=OK, 1000000
[CLEANUP], Operations, 10
[CLEANUP], AverageLatency(us), 799.9
[CLEANUP], MinLatency(us), 1
[CLEANUP], MaxLatency(us), 7983
[CLEANUP], 50thPercentileLatency(us), 1
[CLEANUP], 95thPercentileLatency(us), 7983
[CLEANUP], 99thPercentileLatency(us), 7983