/usr/local/openjdk-11/bin/java  -classpath /YCSB/conf:/YCSB/core/target/core-0.18.0-SNAPSHOT.jar:/YCSB/core/target/dependency/HdrHistogram-2.1.12.jar:/YCSB/core/target/dependency/htrace-core4-4.1.0-incubating.jar:/YCSB/core/target/dependency/jackson-core-asl-1.9.4.jar:/YCSB/core/target/dependency/jackson-mapper-asl-1.9.4.jar:/YCSB/mongodb/target/mongodb-binding-0.18.0-SNAPSHOT.jar:/YCSB/mongodb/target/dependency/bson-5.1.0.jar:/YCSB/mongodb/target/dependency/bson-record-codec-5.1.0.jar:/YCSB/mongodb/target/dependency/logback-classic-1.1.2.jar:/YCSB/mongodb/target/dependency/logback-core-1.1.2.jar:/YCSB/mongodb/target/dependency/mongodb-async-driver-2.0.1.jar:/YCSB/mongodb/target/dependency/mongodb-driver-core-5.1.0.jar:/YCSB/mongodb/target/dependency/mongodb-driver-sync-5.1.0.jar:/YCSB/mongodb/target/dependency/slf4j-api-1.7.25.jar:/YCSB/mongodb/target/dependency/snappy-java-1.1.7.1.jar site.ycsb.Client -t -db site.ycsb.db.MongoDbClient -s -P workloads/workloadr -p mongodb.url=mongodb://root:mongodb123@my-mongodb-sharded:27017/ycsb?authSource=admin&readPreference=nearest -threads 10
Command line: -t -db site.ycsb.db.MongoDbClient -s -P workloads/workloadr -p mongodb.url=mongodb://root:mongodb123@my-mongodb-sharded:27017/ycsb?authSource=admin&readPreference=nearest -threads 10
YCSB Client 0.18.0-SNAPSHOT

Loading workload...
Starting test.
2025-12-07 03:33:47:032 0 sec: 0 operations; est completion in 0 second 
mongo client connection created with mongodb://root:mongodb123@my-mongodb-sharded:27017/ycsb?authSource=admin&readPreference=nearest
DBWrapper: report latency for each error is false and specific error codes to track for latency are: []
2025-12-07 03:33:56:981 10 sec: 28370 operations; 2836.72 current ops/sec; est completion in 5 minutes [READ: Count=28389, Max=270591, Min=848, Avg=3354.76, 50=1269, 90=2261, 99=34271, 99.9=40191, 99.99=250367] 
2025-12-07 03:34:06:981 20 sec: 54642 operations; 2627.46 current ops/sec; est completion in 5 minutes [READ: Count=26256, Max=47679, Min=836, Avg=3802.74, 50=1176, 90=2083, 99=38399, 99.9=43007, 99.99=45215] 
2025-12-07 03:34:16:981 30 sec: 86531 operations; 3188.9 current ops/sec; est completion in 5 minutes [READ: Count=31887, Max=39775, Min=849, Avg=3132.08, 50=1151, 90=1996, 99=31887, 99.9=36767, 99.99=39263] 
2025-12-07 03:34:26:981 40 sec: 116819 operations; 3028.8 current ops/sec; est completion in 5 minutes [READ: Count=30294, Max=41695, Min=841, Avg=3298.93, 50=1147, 90=2004, 99=34719, 99.9=39743, 99.99=41343] 
2025-12-07 03:34:36:981 50 sec: 142828 operations; 2600.9 current ops/sec; est completion in 5 minutes [READ: Count=26008, Max=49503, Min=848, Avg=3842.09, 50=1202, 90=2113, 99=41055, 99.9=44927, 99.99=48543] 
2025-12-07 03:34:46:981 60 sec: 173105 operations; 3027.7 current ops/sec; est completion in 4 minutes [READ: Count=30277, Max=43487, Min=849, Avg=3300.29, 50=1148, 90=2001, 99=34783, 99.9=40095, 99.99=42655] 
2025-12-07 03:34:56:981 70 sec: 203508 operations; 3040.3 current ops/sec; est completion in 4 minutes [READ: Count=30397, Max=42111, Min=852, Avg=3285.59, 50=1140, 90=2021, 99=34303, 99.9=39455, 99.99=41407] 
2025-12-07 03:35:06:981 80 sec: 231176 operations; 2766.8 current ops/sec; est completion in 4 minutes [READ: Count=27675, Max=45567, Min=849, Avg=3612.72, 50=1185, 90=2075, 99=38271, 99.9=42559, 99.99=44991] 
2025-12-07 03:35:16:981 90 sec: 261424 operations; 3024.8 current ops/sec; est completion in 4 minutes [READ: Count=30246, Max=40639, Min=844, Avg=3303.84, 50=1138, 90=2001, 99=35199, 99.9=39391, 99.99=40479] 
2025-12-07 03:35:26:981 100 sec: 291493 operations; 3006.9 current ops/sec; est completion in 4 minutes [READ: Count=30071, Max=43391, Min=844, Avg=3323.16, 50=1155, 90=2030, 99=34687, 99.9=39839, 99.99=42687] 
2025-12-07 03:35:36:981 110 sec: 317630 operations; 2613.7 current ops/sec; est completion in 3 minutes [READ: Count=26138, Max=46943, Min=845, Avg=3823.59, 50=1197, 90=2111, 99=39167, 99.9=43103, 99.99=46911] 
2025-12-07 03:35:46:981 120 sec: 348836 operations; 3120.6 current ops/sec; est completion in 3 minutes [READ: Count=31198, Max=41311, Min=845, Avg=3201.71, 50=1133, 90=1992, 99=33151, 99.9=37919, 99.99=40383] 
2025-12-07 03:35:56:981 130 sec: 379767 operations; 3093.1 current ops/sec; est completion in 3 minutes [READ: Count=30934, Max=42111, Min=838, Avg=3231.49, 50=1133, 90=1993, 99=33951, 99.9=38847, 99.99=40703] 
2025-12-07 03:36:06:981 140 sec: 405829 operations; 2606.2 current ops/sec; est completion in 3 minutes [READ: Count=26063, Max=47551, Min=844, Avg=3834.59, 50=1167, 90=2087, 99=40415, 99.9=44319, 99.99=46655] 
2025-12-07 03:36:16:981 150 sec: 436288 operations; 3045.9 current ops/sec; est completion in 3 minutes [READ: Count=30459, Max=42879, Min=842, Avg=3280.77, 50=1135, 90=1992, 99=35039, 99.9=39231, 99.99=42399] 
2025-12-07 03:36:26:981 160 sec: 466602 operations; 3031.4 current ops/sec; est completion in 3 minutes [READ: Count=30315, Max=41151, Min=853, Avg=3296.38, 50=1143, 90=2002, 99=35039, 99.9=39775, 99.99=40895] 
2025-12-07 03:36:36:981 170 sec: 494423 operations; 2782.1 current ops/sec; est completion in 2 minutes [READ: Count=27820, Max=48319, Min=858, Avg=3592.22, 50=1193, 90=2089, 99=38015, 99.9=41759, 99.99=47903] 
2025-12-07 03:36:46:981 180 sec: 524672 operations; 3024.9 current ops/sec; est completion in 2 minutes [READ: Count=30249, Max=41663, Min=840, Avg=3303.67, 50=1130, 90=2009, 99=35039, 99.9=39391, 99.99=41055] 
2025-12-07 03:36:56:981 190 sec: 554943 operations; 3027.1 current ops/sec; est completion in 2 minutes [READ: Count=30271, Max=41151, Min=850, Avg=3301.17, 50=1127, 90=1999, 99=35007, 99.9=39455, 99.99=40383] 
2025-12-07 03:37:06:981 200 sec: 581129 operations; 2618.6 current ops/sec; est completion in 2 minutes [READ: Count=26186, Max=47391, Min=828, Avg=3816.56, 50=1178, 90=2083, 99=38879, 99.9=43167, 99.99=46239] 
2025-12-07 03:37:16:980 210 sec: 611796 operations; 3066.7 current ops/sec; est completion in 2 minutes [READ: Count=30663, Max=41599, Min=847, Avg=3257.84, 50=1129, 90=2017, 99=33791, 99.9=38879, 99.99=40607] 
2025-12-07 03:37:26:981 220 sec: 643079 operations; 3128.3 current ops/sec; est completion in 2 minutes [READ: Count=31289, Max=41983, Min=847, Avg=3194.88, 50=1132, 90=2004, 99=33151, 99.9=38431, 99.99=40735] 
2025-12-07 03:37:36:981 230 sec: 669141 operations; 2606.2 current ops/sec; est completion in 1 minute [READ: Count=26060, Max=49791, Min=847, Avg=3834.98, 50=1176, 90=2101, 99=39743, 99.9=44415, 99.99=49087] 
2025-12-07 03:37:46:981 240 sec: 699368 operations; 3022.7 current ops/sec; est completion in 1 minute [READ: Count=30228, Max=43647, Min=858, Avg=3305.87, 50=1139, 90=2000, 99=35007, 99.9=39807, 99.99=42719] 
2025-12-07 03:37:56:981 250 sec: 729430 operations; 3006.2 current ops/sec; est completion in 1 minute [READ: Count=30062, Max=41119, Min=842, Avg=3324.1, 50=1137, 90=2006, 99=35327, 99.9=39391, 99.99=40703] 
2025-12-07 03:38:06:981 260 sec: 757083 operations; 2765.3 current ops/sec; est completion in 1 minute [READ: Count=27651, Max=46783, Min=859, Avg=3614.15, 50=1171, 90=2077, 99=38207, 99.9=43199, 99.99=45887] 
2025-12-07 03:38:16:981 270 sec: 787461 operations; 3037.8 current ops/sec; est completion in 1 minute [READ: Count=30380, Max=43999, Min=843, Avg=3289.37, 50=1136, 90=2020, 99=34751, 99.9=39423, 99.99=43071] 
2025-12-07 03:38:26:981 280 sec: 817400 operations; 2993.9 current ops/sec; est completion in 1 minute [READ: Count=29940, Max=40639, Min=818, Avg=3337.67, 50=1168, 90=2053, 99=34847, 99.9=39263, 99.99=40223] 
2025-12-07 03:38:36:981 290 sec: 843272 operations; 2587.2 current ops/sec; est completion in 54 seconds [READ: Count=25870, Max=45727, Min=863, Avg=3862.9, 50=1215, 90=2145, 99=39359, 99.9=44639, 99.99=45567] 
2025-12-07 03:38:46:981 300 sec: 873620 operations; 3034.8 current ops/sec; est completion in 44 seconds [READ: Count=30349, Max=40927, Min=848, Avg=3292.73, 50=1149, 90=2043, 99=34687, 99.9=39711, 99.99=40575] 
2025-12-07 03:38:56:981 310 sec: 905298 operations; 3167.8 current ops/sec; est completion in 33 seconds [READ: Count=31678, Max=41087, Min=856, Avg=3154.43, 50=1150, 90=2022, 99=32191, 99.9=36511, 99.99=40351] 
2025-12-07 03:39:06:981 320 sec: 930783 operations; 2548.5 current ops/sec; est completion in 24 seconds [READ: Count=25481, Max=421887, Min=850, Avg=3921.91, 50=1175, 90=2181, 99=39071, 99.9=43519, 99.99=421119] 
2025-12-07 03:39:16:981 330 sec: 960928 operations; 3014.5 current ops/sec; est completion in 14 seconds [READ: Count=30147, Max=43871, Min=859, Avg=3314.84, 50=1161, 90=2083, 99=35743, 99.9=40255, 99.99=42591] 
2025-12-07 03:39:26:981 340 sec: 991077 operations; 3014.9 current ops/sec; est completion in 4 second [READ: Count=30149, Max=42239, Min=838, Avg=3314.5, 50=1155, 90=2059, 99=35871, 99.9=39519, 99.99=41695] 
#OUTLIER 2025-12-07 03:39:30:225 343 sec: 1000000 operations; 2749.77 current ops/sec; [READ: Count=8920, Max=39199, Min=865, Avg=2958.31, 50=1193, 90=2071, 99=32543, 99.9=37823, 99.99=39199] [CLEANUP: Count=10, Max=7923, Min=0, Avg=793.6, 50=1, 90=7, 99=7923, 99.9=7923, 99.99=7923] 
[OVERALL], RunTime(ms), 343246
[OVERALL], Throughput(ops/sec), 2913.3624281127823
[TOTAL_GCS_Copy], Count, 219
[TOTAL_GC_TIME_Copy], Time(ms), 322
[TOTAL_GC_TIME_%_Copy], Time(%), 0.09381027018523158
[TOTAL_GCS_MarkSweepCompact], Count, 0
[TOTAL_GC_TIME_MarkSweepCompact], Time(ms), 0
[TOTAL_GC_TIME_%_MarkSweepCompact], Time(%), 0.0
[TOTAL_GCs], Count, 219
[TOTAL_GC_TIME], Time(ms), 322
[TOTAL_GC_TIME_%], Time(%), 0.09381027018523158
[READ], Operations, 1000000
[READ], AverageLatency(us), 3419.211017
[READ], MinLatency(us), 818
[READ], MaxLatency(us), 421887
[READ], 50thPercentileLatency(us), 1156
[READ], 95thPercentileLatency(us), 28911
[READ], 99thPercentileLatency(us), 36671
[READ], Return=OK, 1000000
[CLEANUP], Operations, 10
[CLEANUP], AverageLatency(us), 793.6
[CLEANUP], MinLatency(us), 0
[CLEANUP], MaxLatency(us), 7923
[CLEANUP], 50thPercentileLatency(us), 1
[CLEANUP], 95thPercentileLatency(us), 7923
[CLEANUP], 99thPercentileLatency(us), 7923